Microchip MPLAB XC8 Compiler V2.40

Linker command line:

-W-3 --edf=D:\XC8 compiler\pic\dat\20220703182018_en.msgs -cn \
  -h+dist/default/debug\Licenta.X.debug.sym \
  --cmf=dist/default/debug\Licenta.X.debug.cmf -z -Q16F887 \
  -oC:\Users\niamt\AppData\Local\Temp\xcAscv8.4 --defsym=__MPLAB_BUILD=1 \
  --fixupoverflow=error -Mdist/default/debug/Licenta.X.debug.map \
  --md=C:\Users\niamt\AppData\Local\Temp\xcAscv8.dat -E1 -ver=XC8 Compiler \
  --acfsm=1493 -ACODE=00h-07FFhx3,01800h-01EFFh -ASTRCODE=00h-01EFFh \
  -ASTRING=00h-0FFhx31 -ACONST=00h-0FFhx31 -AENTRY=00h-0FFhx31 \
  -ACOMMON=071h-07Fh -ABANK0=020h-06Fh -ABANK1=0A0h-0EFh \
  -ABANK2=0110h-016Fh -ABANK3=0190h-01E4h \
  -ARAM=020h-06Fh,0A0h-0EFh,0110h-016Fh,0190h-01E4h \
  -AABS1=020h-07Fh,0A0h-0EFh,0110h-016Fh,0190h-01EFh -ASFR0=00h-01Fh \
  -ASFR1=080h-09Fh -ASFR2=0100h-010Fh -ASFR3=0180h-018Fh \
  -ACONFIG=02007h-02008h -DCONFIG=2 -AIDLOC=02000h-02003h -DIDLOC=2 \
  -AEEDATA=00h-0FFh/02100h -peeprom_data=EEDATA -DEEDATA=2 -DCODE=2 \
  -DSTRCODE=2 -DSTRING=2 -DCONST=2 -DENTRY=2 \
  -preset_vec=00h,intentry=04h,init,end_init -ppowerup=CODE -pcinit=CODE \
  -pfunctab=ENTRY -k C:\Users\niamt\AppData\Local\Temp\xcAscv8.o \
  dist/default/debug\Licenta.X.debug.o 

Object code version is 3.11

Machine type is 16F887



                Name                               Link     Load   Length Selector   Space Scale
C:\Users\niamt\AppData\Local\Temp\xcAscv8.o
                end_init                              E        E        3        8       0
                reset_vec                             0        0        4        0       0
                config                             2007     2007        2        0       4
                idloc                              2000     2000        4        0       5
dist/default/debug\Licenta.X.debug.o
                cinit                               7EF      7EF       11      FDE       0
                intentry                              4        4        A        8       0
                config                             2007     2007        2        0       4
                idloc                              2000     2000        4        0       5
                text5                               72A      72A       4D      E54       0
                text4                               777      777       78      EEE       0
                text3                               6DD      6DD       18      DBA       0
                text2                               6D6      6D6        7      DAC       0
                text1                               6F5      6F5       18      DEA       0
                maintext                            70D      70D       1D      E1A       0
                cstackCOMMON                         71       71        9       71       1
                dataCOMMON                           7A       7A        2       71       1
                bssCOMMON                            7C       7C        1       71       1
                idataCOMMON                         6D4      6D4        2      DA8       0

TOTAL           Name                               Link     Load   Length     Space
        CLASS   CODE           
                end_init                              E        E        3         0
                cinit                               7EF      7EF       11         0
                intentry                              4        4        A         0
                reset_vec                             0        0        4         0
                text5                               72A      72A       4D         0
                text4                               777      777       78         0
                text3                               6DD      6DD       18         0
                text2                               6D6      6D6        7         0
                text1                               6F5      6F5       18         0
                maintext                            70D      70D       1D         0
                idataCOMMON                         6D4      6D4        2         0

        CLASS   STRCODE        

        CLASS   STRING         

        CLASS   CONST          

        CLASS   ENTRY          

        CLASS   COMMON         
                cstackCOMMON                         71       71        9         1
                dataCOMMON                           7A       7A        2         1
                bssCOMMON                            7C       7C        1         1

        CLASS   BANK0          

        CLASS   BANK1          

        CLASS   BANK2          

        CLASS   BANK3          

        CLASS   RAM            

        CLASS   ABS1           
                abs_s1                               7E       7E        2         1

        CLASS   SFR0           

        CLASS   SFR1           

        CLASS   SFR2           

        CLASS   SFR3           

        CLASS   CONFIG         
                config                             2007     2007        2         4

        CLASS   IDLOC          
                idloc                              2000     2000        4         5

        CLASS   EEDATA         

        CLASS   STACK          



SEGMENTS        Name                           Load    Length   Top    Selector   Space  Class     Delta

                reset_vec                      000000  000004  000004         0       0  CODE        2
                intentry                       000004  00000D  000011         8       0  CODE        2
                cstackCOMMON                   000071  00000C  00007D        71       1  COMMON      1
                idataCOMMON                    0006D4  000002  0006D6       DA8       0  CODE        2
                text2                          0006D6  000007  0006DD       DAC       0  CODE        2
                text3                          0006DD  000018  0006F5       DBA       0  CODE        2
                text1                          0006F5  000018  00070D       DEA       0  CODE        2
                maintext                       00070D  00001D  00072A       E1A       0  CODE        2
                text5                          00072A  00004D  000777       E54       0  CODE        2
                text4                          000777  000078  0007EF       EEE       0  CODE        2
                cinit                          0007EF  000011  000800       FDE       0  CODE        2


UNUSED ADDRESS RANGES

        Name                Unused          Largest block    Delta
        BANK0            0020-006F             50           1
        BANK1            00A0-00EF             50           1
        BANK2            0110-016F             60           1
        BANK3            0190-01E4             55           1
        CODE             0011-06D3            6C3           2
                         0800-1EFF            800
        COMMON           007D-007D              1           1
        CONST            0011-06D3            100           2
                         0800-1EFF            100
        EEDATA           2100-21FF            100           2
        ENTRY            0011-06D3            100           2
                         0800-1EFF            100
        RAM              0020-006F             50           1
                         00A0-00EF             50
                         0110-016F             60
                         0190-01E4             55
        SFR0             0000-001F             20           1
        SFR1             0080-009F             20           1
        SFR2             0100-010F             10           1
        SFR3             0180-018F             10           1
        STRCODE          0011-06D3            6C3           2
                         0800-1EFF           1700
        STRING           0011-06D3            100           2
                         0800-1EFF            100

                                  Symbol Table

_ADCON0                    (abs)        001F
_ADCON1                    (abs)        009F
_ANSEL                     (abs)        0188
_ANSELH                    (abs)        0189
_BRGH                      (abs)        04C2
_CREN                      (abs)        00C4
_GIE                       (abs)        005F
_IRCF0                     (abs)        047C
_IRCF1                     (abs)        047D
_IRCF2                     (abs)        047E
_ISR_treatment             text4        0777
_PEIE                      (abs)        005E
_RB0                       (abs)        0030
_RC4                       (abs)        003C
_RCIE                      (abs)        0465
_RCIF                      (abs)        0065
_RCREG                     (abs)        001A
_RD0                       (abs)        0040
_RD1                       (abs)        0041
_RD2                       (abs)        0042
_RD3                       (abs)        0043
_RX9                       (abs)        00C6
_SPBRG                     (abs)        0099
_SPEN                      (abs)        00C7
_SYNC                      (abs)        04C4
_TRISA                     (abs)        0085
_TRISB                     (abs)        0086
_TRISC                     (abs)        0087
_TRISD                     (abs)        0088
_TX9                       (abs)        04C6
_TXEN                      (abs)        04C5
_TXIE                      (abs)        0464
_TXIF                      (abs)        0064
_TXREG                     (abs)        0019
_UART_init                 text3        06DD
__Habs1                    abs1         0000
__Hbank0                   bank0        0000
__Hbank1                   bank1        0000
__Hbank2                   bank2        0000
__Hbank3                   bank3        0000
__HbssCOMMON               bssCOMMON    0000
__Hcinit                   cinit        0800
__Hclrtext                 clrtext      0000
__Hcode                    code         0000
__Hcommon                  common       0000
__Hconfig                  config       2009
__HcstackBANK0             cstackBANK0  0000
__HcstackCOMMON            cstackCOMMON 0000
__HdataCOMMON              dataCOMMON   0000
__Heeprom_data             eeprom_data  0000
__Hend_init                end_init     0011
__Hfunctab                 functab      0000
__HidataCOMMON             idataCOMMON  0000
__Hidloc                   idloc        2004
__Hinit                    init         000E
__Hintentry                intentry     000E
__Hmaintext                maintext     0000
__Hpowerup                 powerup      0000
__Hram                     ram          0000
__Hreset_vec               reset_vec    0004
__Hsfr0                    sfr0         0000
__Hsfr1                    sfr1         0000
__Hsfr2                    sfr2         0000
__Hsfr3                    sfr3         0000
__Hspace_0                 (abs)        0800
__Hspace_1                 (abs)        007D
__Hspace_2                 (abs)        0000
__Hspace_3                 (abs)        0000
__Hspace_4                 (abs)        4010
__Hstack                   stack        0000
__Hstrings                 strings      0000
__Htext                    text         0000
__Labs1                    abs1         0000
__Lbank0                   bank0        0000
__Lbank1                   bank1        0000
__Lbank2                   bank2        0000
__Lbank3                   bank3        0000
__LbssCOMMON               bssCOMMON    0000
__Lcinit                   cinit        07EF
__Lclrtext                 clrtext      0000
__Lcode                    code         0000
__Lcommon                  common       0000
__Lconfig                  config       0000
__LcstackBANK0             cstackBANK0  0000
__LcstackCOMMON            cstackCOMMON 0000
__LdataCOMMON              dataCOMMON   0000
__Leeprom_data             eeprom_data  0000
__Lend_init                end_init     000E
__Lfunctab                 functab      0000
__LidataCOMMON             idataCOMMON  0000
__Lidloc                   idloc        0000
__Linit                    init         000E
__Lintentry                intentry     0004
__Lmaintext                maintext     0000
__Lpowerup                 powerup      0000
__Lram                     ram          0000
__Lreset_vec               reset_vec    0000
__Lsfr0                    sfr0         0000
__Lsfr1                    sfr1         0000
__Lsfr2                    sfr2         0000
__Lsfr3                    sfr3         0000
__Lspace_0                 (abs)        0000
__Lspace_1                 (abs)        0000
__Lspace_2                 (abs)        0000
__Lspace_3                 (abs)        0000
__Lspace_4                 (abs)        0000
__Lstack                   stack        0000
__Lstrings                 strings      0000
__Ltext                    text         0000
__S0                       (abs)        0800
__S1                       (abs)        007D
__S3                       (abs)        0000
___int_sp                  stack        0000
___latbits                 (abs)        0002
___sp                      stack        0000
___stackhi                 (abs)        0000
___stacklo                 (abs)        0000
__end_of_ISR_treatment     text4        07EF
__end_of_UART_init         text3        06F5
__end_of__initialization   cinit        07FC
__end_of_main              maintext     072A
__end_of_motor_command     text5        0777
__end_of_motor_init        text2        06DD
__end_of_project_init      text1        070D
__initialization           cinit        07EF
__pbssCOMMON               bssCOMMON    007C
__pcstackBANK0             cstackBANK0  0000
__pcstackCOMMON            cstackCOMMON 0071
__pdataCOMMON              dataCOMMON   007A
__pidataCOMMON             idataCOMMON  06D4
__pintentry                intentry     0004
__pmaintext                maintext     070D
__ptext1                   text1        06F5
__ptext2                   text2        06D6
__ptext3                   text3        06DD
__ptext4                   text4        0777
__ptext5                   text5        072A
_com_buffer                bssCOMMON    007C
_main                      maintext     070D
_motorFault                dataCOMMON   007B
_motor_command             text5        072A
_motor_init                text2        06D6
_project_init              text1        06F5
btemp                      (abs)        007E
end_of_initialization      cinit        07FC
interrupt_function         intentry     0004
intlevel0                  functab      0000
intlevel1                  functab      0000
intlevel2                  functab      0000
intlevel3                  functab      0000
intlevel4                  functab      0000
intlevel5                  functab      0000
motor_command@command      cstackCOMMON 0073
motor_command@return_value cstackCOMMON 0074
reset_vec                  reset_vec    0000
saved_w                    (abs)        007E
start                      init         000E
start_initialization       cinit        07EF
wtemp0                     (abs)        007E


MODULE INFORMATION

Module		Function		Class		Link	Load	Size
MotorMng.c
		_motor_command 		CODE           	072A	0000	77
		_motor_init    		CODE           	06D6	0000	7

MotorMng.c estimated size: 84

BluetoothMgr.c
		_UART_init     		CODE           	06DD	0000	24

BluetoothMgr.c estimated size: 24

shared
		__initialization		CODE           	07EF	0000	13

shared estimated size: 13

MainMgr.c
		_ISR_treatment 		CODE           	0777	0000	120
		_main          		CODE           	070D	0000	29
		_project_init  		CODE           	06F5	0000	24

MainMgr.c estimated size: 173

